[1758725956] [INFO] This goes to file
[1758725956] [WARN] File logging test
